index desktop {"status": 200, "scrollWidth": 1440, "innerWidth": 1440, "height": 2906, "consoleErrors": [], "pageErrors": [], "requestFailures": [], "images": [{"src": "assets/brand-white.png", "ok": true, "nw": 139, "cw": 80}, {"src": "assets/residencial-hero.jpg", "ok": true, "nw": 1920, "cw": 1440}, {"src": "assets/interiores-salao.jpg", "ok": true, "nw": 1920, "cw": 831}, {"src": "assets/residencial-fachada.jpg", "ok": true, "nw": 470, "cw": 470}]}
index mobile {"status": 200, "scrollWidth": 390, "innerWidth": 390, "height": 3007, "consoleErrors": [], "pageErrors": [], "requestFailures": [], "images": [{"src": "assets/brand-white.png", "ok": true, "nw": 139, "cw": 63}, {"src": "assets/residencial-hero.jpg", "ok": true, "nw": 1920, "cw": 390}, {"src": "assets/interiores-salao.jpg", "ok": true, "nw": 1920, "cw": 351}, {"src": "assets/residencial-fachada.jpg", "ok": true, "nw": 470, "cw": 351}], "menuOpen": true, "menuLabel": "FECHAR", "menuClosedLabel": "MENU"}
proposal desktop {"status": 200, "scrollWidth": 1440, "innerWidth": 1440, "height": 3583, "consoleErrors": [], "pageErrors": [], "requestFailures": [], "images": [{"src": "assets/concept-preview.png", "ok": true, "nw": 1440, "cw": 1065}]}
proposal mobile {"status": 200, "scrollWidth": 390, "innerWidth": 390, "height": 4000, "consoleErrors": [], "pageErrors": [], "requestFailures": [], "images": [{"src": "assets/concept-preview.png", "ok": true, "nw": 1440, "cw": 359}]}
{
  "index-desktop": {
    "status": 200,
    "scrollWidth": 1440,
    "innerWidth": 1440,
    "height": 2906,
    "consoleErrors": [],
    "pageErrors": [],
    "requestFailures": [],
    "images": [
      {
        "src": "assets/brand-white.png",
        "ok": true,
        "nw": 139,
        "cw": 80
      },
      {
        "src": "assets/residencial-hero.jpg",
        "ok": true,
        "nw": 1920,
        "cw": 1440
      },
      {
        "src": "assets/interiores-salao.jpg",
        "ok": true,
        "nw": 1920,
        "cw": 831
      },
      {
        "src": "assets/residencial-fachada.jpg",
        "ok": true,
        "nw": 470,
        "cw": 470
      }
    ]
  },
  "index-mobile": {
    "status": 200,
    "scrollWidth": 390,
    "innerWidth": 390,
    "height": 3007,
    "consoleErrors": [],
    "pageErrors": [],
    "requestFailures": [],
    "images": [
      {
        "src": "assets/brand-white.png",
        "ok": true,
        "nw": 139,
        "cw": 63
      },
      {
        "src": "assets/residencial-hero.jpg",
        "ok": true,
        "nw": 1920,
        "cw": 390
      },
      {
        "src": "assets/interiores-salao.jpg",
        "ok": true,
        "nw": 1920,
        "cw": 351
      },
      {
        "src": "assets/residencial-fachada.jpg",
        "ok": true,
        "nw": 470,
        "cw": 351
      }
    ],
    "menuOpen": true,
    "menuLabel": "FECHAR",
    "menuClosedLabel": "MENU"
  },
  "proposal-desktop": {
    "status": 200,
    "scrollWidth": 1440,
    "innerWidth": 1440,
    "height": 3583,
    "consoleErrors": [],
    "pageErrors": [],
    "requestFailures": [],
    "images": [
      {
        "src": "assets/concept-preview.png",
        "ok": true,
        "nw": 1440,
        "cw": 1065
      }
    ]
  },
  "proposal-mobile": {
    "status": 200,
    "scrollWidth": 390,
    "innerWidth": 390,
    "height": 4000,
    "consoleErrors": [],
    "pageErrors": [],
    "requestFailures": [],
    "images": [
      {
        "src": "assets/concept-preview.png",
        "ok": true,
        "nw": 1440,
        "cw": 359
      }
    ]
  }
}
